../Core/Src/main.c:75:6:max30102_plot	16	static
../Core/Src/main.c:112:6:HAL_UART_RxCpltCallback	16	static
../Core/Src/main.c:147:6:microDelay	16	static
../Core/Src/main.c:153:6:Set_Pin_Output	40	static
../Core/Src/main.c:162:6:Set_Pin_Input	40	static
../Core/Src/main.c:175:9:DS18B20_Start	16	static
../Core/Src/main.c:193:6:DS18B20_Write	24	static
../Core/Src/main.c:225:9:DS18B20_Read	16	static
../Core/Src/main.c:265:5:bufsize	24	static
../Core/Src/main.c:272:6:clear_buffer	16	static
../Core/Src/main.c:277:6:send_uart	24	static
../Core/Src/main.c:293:5:main	88	static
../Core/Src/main.c:636:6:SystemClock_Config	88	static
../Core/Src/main.c:683:13:MX_ADC1_Init	24	static
../Core/Src/main.c:735:13:MX_I2C1_Init	8	static
../Core/Src/main.c:769:13:MX_I2C2_Init	8	static
../Core/Src/main.c:803:13:MX_SPI1_Init	8	static
../Core/Src/main.c:841:13:MX_TIM2_Init	32	static
../Core/Src/main.c:886:13:MX_TIM5_Init	32	static
../Core/Src/main.c:931:13:MX_USART1_UART_Init	8	static
../Core/Src/main.c:964:13:MX_USART2_UART_Init	8	static
../Core/Src/main.c:997:13:MX_GPIO_Init	48	static
../Core/Src/main.c:1055:6:HAL_GPIO_EXTI_Callback	16	static
../Core/Src/main.c:1075:6:HAL_TIM_PeriodElapsedCallback	16	static
../Core/Src/main.c:1103:6:Error_Handler	4	static,ignoring_inline_asm
